Creating reference database...
diamond v0.9.22.123 | by Benjamin Buchfink <buchfink@gmail.com>
Licensed under the GNU AGPL <https://www.gnu.org/licenses/agpl.txt>
Check http://github.com/bbuchfink/diamond for updates.

#CPU threads: 52
Scoring parameters: (Matrix=BLOSUM62 Lambda=0.267 K=0.041 Penalties=11/1)
Database file: K00370_rep.faa
Opening the database file...  [0.01889s]
Loading sequences...  [0.005617s]
Masking sequences...  [0.053267s]
Writing sequences...  [0.00183s]
Hashing sequences...  [0.000399s]
Loading sequences...  [2e-05s]
Writing trailer...  [2.3e-05s]
Closing the input file...  [1.9e-05s]
Closing the database file...  [0.000497s]
Database hash = 82426b780d5cbcf7c8d808396aed74f4
Processed 906 sequences, 1100880 letters.
Total time = 0.080788s
Searching contigs against reference...
diamond v0.9.22.123 | by Benjamin Buchfink <buchfink@gmail.com>
Licensed under the GNU AGPL <https://www.gnu.org/licenses/agpl.txt>
Check http://github.com/bbuchfink/diamond for updates.

#CPU threads: 4
Scoring parameters: (Matrix=BLOSUM62 Lambda=0.267 K=0.041 Penalties=11/1)
Temporary directory: 
Opening the database...  [0.000121s]
#Target sequences to report alignments for: 1
Opening the input file...  [0.027507s]
Opening the output file...  [0.000162s]
Loading query sequences...  [0.08616s]
Masking queries...  [1.10062s]
Building query seed set...  [0.033277s]
Algorithm: Double-indexed
Building query histograms...  [0.073094s]
Allocating buffers...  [6.5e-05s]
Loading reference sequences...  [0.002302s]
Building reference histograms...  [0.008297s]
Allocating buffers...  [2.9e-05s]
Initializing temporary storage...  [0.036149s]
Processing query chunk 0, reference chunk 0, shape 0, index chunk 0.
Building reference index...  [0.014522s]
Building query index...  [0.12542s]
Building seed filter...  [0.010026s]
Searching alignments...  [0.008049s]
Processing query chunk 0, reference chunk 0, shape 0, index chunk 1.
Building reference index...  [0.015648s]
Building query index...  [0.145s]
Building seed filter...  [0.012335s]
Searching alignments...  [0.010005s]
Processing query chunk 0, reference chunk 0, shape 0, index chunk 2.
Building reference index...  [0.016827s]
Building query index...  [0.165245s]
Building seed filter...  [0.014925s]
Searching alignments...  [0.009586s]
Processing query chunk 0, reference chunk 0, shape 0, index chunk 3.
Building reference index...  [0.014823s]
Building query index...  [0.11341s]
Building seed filter...  [0.013167s]
Searching alignments...  [0.008216s]
Processing query chunk 0, reference chunk 0, shape 1, index chunk 0.
Building reference index...  [0.015114s]
Building query index...  [0.129013s]
Building seed filter...  [0.013963s]
Searching alignments...  [0.006763s]
Processing query chunk 0, reference chunk 0, shape 1, index chunk 1.
Building reference index...  [0.015697s]
Building query index...  [0.136593s]
Building seed filter...  [0.011565s]
Searching alignments...  [0.008325s]
Processing query chunk 0, reference chunk 0, shape 1, index chunk 2.
Building reference index...  [0.01874s]
Building query index...  [0.149241s]
Building seed filter...  [0.014917s]
Searching alignments...  [0.009617s]
Processing query chunk 0, reference chunk 0, shape 1, index chunk 3.
Building reference index...  [0.015183s]
Building query index...  [0.124633s]
Building seed filter...  [0.014934s]
Searching alignments...  [0.00948s]
Deallocating buffers...  [6e-06s]
Computing alignments...  [0.115179s]
Deallocating reference...  [9e-06s]
Loading reference sequences...  [2.7e-05s]
Deallocating buffers...  [0.000201s]
Deallocating queries...  [0.000249s]
Loading query sequences...  [1.8e-05s]
Closing the input file...  [1.6e-05s]
Closing the output file...  [8.1e-05s]
Closing the database file...  [8e-06s]
Deallocating taxonomy...  [4e-06s]
Total time = 2.87859s
Reported 2 pairwise alignments, 2 HSPs.
2 queries aligned.
Extracting positive contigs...
Creating extracted genes database...
diamond v0.9.22.123 | by Benjamin Buchfink <buchfink@gmail.com>
Licensed under the GNU AGPL <https://www.gnu.org/licenses/agpl.txt>
Check http://github.com/bbuchfink/diamond for updates.

#CPU threads: 52
Scoring parameters: (Matrix=BLOSUM62 Lambda=0.267 K=0.041 Penalties=11/1)
Database file: extracted_genes.fasta
Opening the database file...  [0.00034s]
Loading sequences...  [0.002895s]
Masking sequences...  [0.132127s]
Writing sequences...  [0.00057s]
Hashing sequences...  [0.00015s]
Loading sequences...  [1.5e-05s]
Writing trailer...  [5e-06s]
Closing the input file...  [1.5e-05s]
Closing the database file...  [0.000239s]
Database hash = 0b4cd0f1cd32cb5b4a5f74bfedabfba8
Processed 2 sequences, 506593 letters.
Total time = 0.136512s
Searching samples against extracted genes...
diamond v0.9.22.123 | by Benjamin Buchfink <buchfink@gmail.com>
Licensed under the GNU AGPL <https://www.gnu.org/licenses/agpl.txt>
Check http://github.com/bbuchfink/diamond for updates.

#CPU threads: 4
Scoring parameters: (Matrix=BLOSUM62 Lambda=0.267 K=0.041 Penalties=11/1)
Temporary directory: 
Opening the database...  [3.1e-05s]
#Target sequences to report alignments for: 25
Opening the input file...  [0.016612s]
Opening the output file...  [0.000156s]
Loading query sequences...  [0.011711s]
Analysis complete!
Results: contigs_vs_reference.tsv and samples_vs_extracted.tsv
