Running Prodigal on contigs...
Input: ../out/reconstruction/metaspades_assembly/contigs.fasta
-------------------------------------
PRODIGAL v2.6.3 [February, 2016]         
Univ of Tenn / Oak Ridge National Lab
Doug Hyatt, Loren Hauser, et al.     
-------------------------------------
Request:  Metagenomic, Phase:  Training
Initializing training files...done!
-------------------------------------
Request:  Metagenomic, Phase:  Gene Finding
Finding genes in sequence #1 (3738 bp)...done!
Finding genes in sequence #2 (3701 bp)...done!
Finding genes in sequence #3 (3513 bp)...done!
Finding genes in sequence #4 (3505 bp)...done!
Finding genes in sequence #5 (3502 bp)...done!
Finding genes in sequence #6 (3493 bp)...done!
Finding genes in sequence #7 (3489 bp)...done!
Finding genes in sequence #8 (3475 bp)...done!
Finding genes in sequence #9 (3465 bp)...done!
Finding genes in sequence #10 (3434 bp)...done!
Finding genes in sequence #11 (3430 bp)...done!
Finding genes in sequence #12 (3405 bp)...done!
Finding genes in sequence #13 (3397 bp)...done!
Finding genes in sequence #14 (3384 bp)...done!
Finding genes in sequence #15 (3375 bp)...done!
Finding genes in sequence #16 (3363 bp)...done!
Finding genes in sequence #17 (3360 bp)...done!
Finding genes in sequence #18 (3287 bp)...done!
Finding genes in sequence #19 (3281 bp)...done!
Finding genes in sequence #20 (3276 bp)...done!
Finding genes in sequence #21 (3201 bp)...done!
Finding genes in sequence #22 (3181 bp)...done!
Finding genes in sequence #23 (3173 bp)...done!
Finding genes in sequence #24 (3154 bp)...done!
Finding genes in sequence #25 (3125 bp)...done!
Finding genes in sequence #26 (3085 bp)...done!
Finding genes in sequence #27 (3025 bp)...done!
Finding genes in sequence #28 (2994 bp)...done!
Finding genes in sequence #29 (2989 bp)...done!
Finding genes in sequence #30 (2984 bp)...done!
Finding genes in sequence #31 (2978 bp)...done!
Finding genes in sequence #32 (2974 bp)...done!
Finding genes in sequence #33 (2913 bp)...done!
Finding genes in sequence #34 (2903 bp)...done!
Finding genes in sequence #35 (2879 bp)...done!
Finding genes in sequence #36 (2854 bp)...done!
Finding genes in sequence #37 (2739 bp)...done!
Finding genes in sequence #38 (2739 bp)...done!
Finding genes in sequence #39 (2734 bp)...done!
Finding genes in sequence #40 (2732 bp)...done!
Finding genes in sequence #41 (2682 bp)...done!
Finding genes in sequence #42 (2613 bp)...done!
Finding genes in sequence #43 (2612 bp)...done!
Finding genes in sequence #44 (2500 bp)...done!
Finding genes in sequence #45 (2424 bp)...done!
Finding genes in sequence #46 (2365 bp)...done!
Finding genes in sequence #47 (2179 bp)...done!
Finding genes in sequence #48 (2069 bp)...done!
Finding genes in sequence #49 (1938 bp)...done!
Finding genes in sequence #50 (1898 bp)...done!
Finding genes in sequence #51 (1892 bp)...done!
Finding genes in sequence #52 (1889 bp)...done!
Finding genes in sequence #53 (1889 bp)...done!
Finding genes in sequence #54 (1877 bp)...done!
Finding genes in sequence #55 (1875 bp)...done!
Finding genes in sequence #56 (1805 bp)...done!
Finding genes in sequence #57 (1754 bp)...done!
Finding genes in sequence #58 (1705 bp)...done!
Finding genes in sequence #59 (1670 bp)...done!
Finding genes in sequence #60 (1642 bp)...done!
Finding genes in sequence #61 (1615 bp)...done!
Finding genes in sequence #62 (1571 bp)...done!
Finding genes in sequence #63 (1556 bp)...done!
Finding genes in sequence #64 (1530 bp)...done!
Finding genes in sequence #65 (1523 bp)...done!
Finding genes in sequence #66 (1505 bp)...done!
Finding genes in sequence #67 (1502 bp)...done!
Finding genes in sequence #68 (1493 bp)...done!
Finding genes in sequence #69 (1462 bp)...done!
Finding genes in sequence #70 (1442 bp)...done!
Finding genes in sequence #71 (1439 bp)...done!
Finding genes in sequence #72 (1428 bp)...done!
Finding genes in sequence #73 (1426 bp)...done!
Finding genes in sequence #74 (1378 bp)...done!
Finding genes in sequence #75 (1375 bp)...done!
Finding genes in sequence #76 (1349 bp)...done!
Finding genes in sequence #77 (1334 bp)...done!
Finding genes in sequence #78 (1301 bp)...done!
Finding genes in sequence #79 (1286 bp)...done!
Finding genes in sequence #80 (1277 bp)...done!
Finding genes in sequence #81 (1277 bp)...done!
Finding genes in sequence #82 (1276 bp)...done!
Finding genes in sequence #83 (1270 bp)...done!
Finding genes in sequence #84 (1263 bp)...done!
Finding genes in sequence #85 (1242 bp)...done!
Finding genes in sequence #86 (1233 bp)...done!
Finding genes in sequence #87 (1223 bp)...done!
Finding genes in sequence #88 (1220 bp)...done!
Finding genes in sequence #89 (1212 bp)...done!
Finding genes in sequence #90 (1209 bp)...done!
Finding genes in sequence #91 (1189 bp)...done!
Finding genes in sequence #92 (1187 bp)...done!
Finding genes in sequence #93 (1164 bp)...done!
Finding genes in sequence #94 (1157 bp)...done!
Finding genes in sequence #95 (1116 bp)...done!
Finding genes in sequence #96 (1078 bp)...done!
Finding genes in sequence #97 (1059 bp)...done!
Finding genes in sequence #98 (1059 bp)...done!
Finding genes in sequence #99 (1041 bp)...done!
Finding genes in sequence #100 (1040 bp)...done!
Finding genes in sequence #101 (1038 bp)...done!
Finding genes in sequence #102 (1009 bp)...done!
Finding genes in sequence #103 (998 bp)...done!
Finding genes in sequence #104 (983 bp)...done!
Finding genes in sequence #105 (980 bp)...done!
Finding genes in sequence #106 (957 bp)...done!
Finding genes in sequence #107 (953 bp)...done!
Finding genes in sequence #108 (923 bp)...done!
Finding genes in sequence #109 (921 bp)...done!
Finding genes in sequence #110 (883 bp)...done!
Finding genes in sequence #111 (868 bp)...done!
Finding genes in sequence #112 (839 bp)...done!
Finding genes in sequence #113 (839 bp)...done!
Finding genes in sequence #114 (823 bp)...done!
Finding genes in sequence #115 (819 bp)...done!
Finding genes in sequence #116 (817 bp)...done!
Finding genes in sequence #117 (812 bp)...done!
Finding genes in sequence #118 (809 bp)...done!
Finding genes in sequence #119 (809 bp)...done!
Finding genes in sequence #120 (773 bp)...done!
Finding genes in sequence #121 (770 bp)...done!
Finding genes in sequence #122 (769 bp)...done!
Finding genes in sequence #123 (759 bp)...done!
Finding genes in sequence #124 (751 bp)...done!
Finding genes in sequence #125 (742 bp)...done!
Finding genes in sequence #126 (739 bp)...done!
Finding genes in sequence #127 (739 bp)...done!
Finding genes in sequence #128 (728 bp)...done!
Finding genes in sequence #129 (723 bp)...done!
Finding genes in sequence #130 (698 bp)...done!
Finding genes in sequence #131 (686 bp)...done!
Finding genes in sequence #132 (684 bp)...done!
Finding genes in sequence #133 (681 bp)...done!
Finding genes in sequence #134 (667 bp)...done!
Finding genes in sequence #135 (660 bp)...done!
Finding genes in sequence #136 (649 bp)...done!
Finding genes in sequence #137 (630 bp)...done!
Finding genes in sequence #138 (619 bp)...done!
Finding genes in sequence #139 (607 bp)...done!
Finding genes in sequence #140 (537 bp)...done!
Finding genes in sequence #141 (536 bp)...done!
Finding genes in sequence #142 (536 bp)...done!
Finding genes in sequence #143 (534 bp)...done!
Finding genes in sequence #144 (523 bp)...done!
Finding genes in sequence #145 (521 bp)...done!
Finding genes in sequence #146 (517 bp)...done!
Finding genes in sequence #147 (515 bp)...done!
Finding genes in sequence #148 (510 bp)...done!
Finding genes in sequence #149 (506 bp)...done!
Finding genes in sequence #150 (502 bp)...done!
Finding genes in sequence #151 (495 bp)...done!
Finding genes in sequence #152 (487 bp)...done!
Finding genes in sequence #153 (487 bp)...done!
Finding genes in sequence #154 (478 bp)...done!
Finding genes in sequence #155 (476 bp)...done!
Finding genes in sequence #156 (476 bp)...done!
Finding genes in sequence #157 (470 bp)...done!
Finding genes in sequence #158 (464 bp)...done!
Finding genes in sequence #159 (460 bp)...done!
Finding genes in sequence #160 (426 bp)...done!
Finding genes in sequence #161 (416 bp)...done!
Finding genes in sequence #162 (413 bp)...done!
Finding genes in sequence #163 (405 bp)...done!
Finding genes in sequence #164 (391 bp)...done!
Finding genes in sequence #165 (375 bp)...done!
Finding genes in sequence #166 (371 bp)...done!
Finding genes in sequence #167 (367 bp)...done!
Finding genes in sequence #168 (362 bp)...done!
Finding genes in sequence #169 (351 bp)...done!
Finding genes in sequence #170 (349 bp)...done!
Finding genes in sequence #171 (346 bp)...done!
Finding genes in sequence #172 (334 bp)...done!
Finding genes in sequence #173 (331 bp)...done!
Finding genes in sequence #174 (313 bp)...done!
Finding genes in sequence #175 (310 bp)...done!
Finding genes in sequence #176 (309 bp)...done!
Finding genes in sequence #177 (307 bp)...done!
Finding genes in sequence #178 (304 bp)...done!
Finding genes in sequence #179 (302 bp)...done!
Finding genes in sequence #180 (298 bp)...done!
Finding genes in sequence #181 (294 bp)...done!
Finding genes in sequence #182 (293 bp)...done!
Finding genes in sequence #183 (293 bp)...done!
Finding genes in sequence #184 (290 bp)...done!
Finding genes in sequence #185 (283 bp)...done!
Finding genes in sequence #186 (283 bp)...done!
Finding genes in sequence #187 (279 bp)...done!
Finding genes in sequence #188 (270 bp)...done!
Finding genes in sequence #189 (259 bp)...done!
Finding genes in sequence #190 (258 bp)...done!
Finding genes in sequence #191 (257 bp)...done!
Finding genes in sequence #192 (255 bp)...done!
Finding genes in sequence #193 (249 bp)...done!
Finding genes in sequence #194 (248 bp)...done!
Finding genes in sequence #195 (247 bp)...done!
Finding genes in sequence #196 (241 bp)...done!
Finding genes in sequence #197 (240 bp)...done!
Finding genes in sequence #198 (238 bp)...done!
Finding genes in sequence #199 (236 bp)...done!
Finding genes in sequence #200 (235 bp)...done!
Finding genes in sequence #201 (232 bp)...done!
Finding genes in sequence #202 (232 bp)...done!
Finding genes in sequence #203 (231 bp)...done!
Finding genes in sequence #204 (228 bp)...done!
Finding genes in sequence #205 (227 bp)...done!
Finding genes in sequence #206 (220 bp)...done!
Finding genes in sequence #207 (218 bp)...done!
Finding genes in sequence #208 (214 bp)...done!
Finding genes in sequence #209 (214 bp)...done!
Finding genes in sequence #210 (213 bp)...done!
Finding genes in sequence #211 (210 bp)...done!
Finding genes in sequence #212 (206 bp)...done!
Finding genes in sequence #213 (200 bp)...done!
Finding genes in sequence #214 (199 bp)...done!
Finding genes in sequence #215 (198 bp)...done!
Finding genes in sequence #216 (196 bp)...done!
Finding genes in sequence #217 (188 bp)...done!
Finding genes in sequence #218 (185 bp)...done!
Finding genes in sequence #219 (184 bp)...done!
Finding genes in sequence #220 (181 bp)...done!
Finding genes in sequence #221 (180 bp)...done!
Finding genes in sequence #222 (180 bp)...done!
Finding genes in sequence #223 (180 bp)...done!
Finding genes in sequence #224 (179 bp)...done!
Finding genes in sequence #225 (178 bp)...done!
Finding genes in sequence #226 (174 bp)...done!
Finding genes in sequence #227 (173 bp)...done!
Finding genes in sequence #228 (173 bp)...done!
Finding genes in sequence #229 (167 bp)...done!
Finding genes in sequence #230 (165 bp)...done!
Finding genes in sequence #231 (163 bp)...done!
Finding genes in sequence #232 (152 bp)...done!
Finding genes in sequence #233 (149 bp)...done!
Finding genes in sequence #234 (147 bp)...done!
Finding genes in sequence #235 (143 bp)...done!
Finding genes in sequence #236 (143 bp)...done!
Finding genes in sequence #237 (143 bp)...done!
Finding genes in sequence #238 (140 bp)...done!
Finding genes in sequence #239 (139 bp)...done!
Finding genes in sequence #240 (137 bp)...done!
Finding genes in sequence #241 (137 bp)...done!
Finding genes in sequence #242 (132 bp)...done!
Finding genes in sequence #243 (130 bp)...done!
Finding genes in sequence #244 (128 bp)...done!
Finding genes in sequence #245 (128 bp)...done!
Finding genes in sequence #246 (124 bp)...done!
Finding genes in sequence #247 (117 bp)...done!
Finding genes in sequence #248 (116 bp)...done!
Finding genes in sequence #249 (115 bp)...done!
Finding genes in sequence #250 (115 bp)...done!
Finding genes in sequence #251 (115 bp)...done!
Finding genes in sequence #252 (113 bp)...done!
Finding genes in sequence #253 (113 bp)...done!
Finding genes in sequence #254 (111 bp)...done!
Finding genes in sequence #255 (111 bp)...done!
Finding genes in sequence #256 (111 bp)...done!
Finding genes in sequence #257 (111 bp)...done!
Finding genes in sequence #258 (110 bp)...done!
Finding genes in sequence #259 (108 bp)...done!
Finding genes in sequence #260 (107 bp)...done!
Finding genes in sequence #261 (106 bp)...done!
Finding genes in sequence #262 (106 bp)...done!
Finding genes in sequence #263 (106 bp)...done!
Finding genes in sequence #264 (105 bp)...done!
Finding genes in sequence #265 (104 bp)...done!
Finding genes in sequence #266 (104 bp)...done!
Finding genes in sequence #267 (101 bp)...done!
Finding genes in sequence #268 (101 bp)...done!
Finding genes in sequence #269 (100 bp)...done!
Finding genes in sequence #270 (100 bp)...done!
Finding genes in sequence #271 (99 bp)...done!
Finding genes in sequence #272 (99 bp)...done!
Finding genes in sequence #273 (96 bp)...done!
Finding genes in sequence #274 (94 bp)...done!
Finding genes in sequence #275 (92 bp)...done!
Finding genes in sequence #276 (90 bp)...done!
Finding genes in sequence #277 (88 bp)...done!
Finding genes in sequence #278 (87 bp)...done!
Finding genes in sequence #279 (86 bp)...done!
Finding genes in sequence #280 (85 bp)...done!
Finding genes in sequence #281 (83 bp)...done!
Finding genes in sequence #282 (83 bp)...done!
Finding genes in sequence #283 (83 bp)...done!
Finding genes in sequence #284 (82 bp)...done!
Finding genes in sequence #285 (81 bp)...done!
Finding genes in sequence #286 (80 bp)...done!
Finding genes in sequence #287 (78 bp)...done!
Finding genes in sequence #288 (78 bp)...done!
Finding genes in sequence #289 (77 bp)...done!
Finding genes in sequence #290 (77 bp)...done!
Finding genes in sequence #291 (72 bp)...done!
Finding genes in sequence #292 (71 bp)...done!
Finding genes in sequence #293 (71 bp)...done!
Finding genes in sequence #294 (70 bp)...done!
Finding genes in sequence #295 (70 bp)...done!
Finding genes in sequence #296 (70 bp)...done!
Finding genes in sequence #297 (68 bp)...done!
Finding genes in sequence #298 (68 bp)...done!
Finding genes in sequence #299 (67 bp)...done!
Finding genes in sequence #300 (66 bp)...done!
Finding genes in sequence #301 (66 bp)...done!
Finding genes in sequence #302 (66 bp)...done!
Finding genes in sequence #303 (66 bp)...done!
Finding genes in sequence #304 (66 bp)...done!
Finding genes in sequence #305 (65 bp)...done!
Finding genes in sequence #306 (65 bp)...done!
Finding genes in sequence #307 (64 bp)...done!
Finding genes in sequence #308 (63 bp)...done!
Finding genes in sequence #309 (63 bp)...done!
Finding genes in sequence #310 (63 bp)...done!
Finding genes in sequence #311 (62 bp)...done!
Finding genes in sequence #312 (61 bp)...done!
Finding genes in sequence #313 (61 bp)...done!
Finding genes in sequence #314 (61 bp)...done!
Finding genes in sequence #315 (61 bp)...done!
Finding genes in sequence #316 (60 bp)...done!
Finding genes in sequence #317 (60 bp)...done!
Finding genes in sequence #318 (60 bp)...done!
Finding genes in sequence #319 (59 bp)...done!
Finding genes in sequence #320 (59 bp)...done!
Finding genes in sequence #321 (59 bp)...done!
Finding genes in sequence #322 (59 bp)...done!
Finding genes in sequence #323 (58 bp)...done!
Finding genes in sequence #324 (58 bp)...done!
Finding genes in sequence #325 (58 bp)...done!
Finding genes in sequence #326 (58 bp)...done!
Finding genes in sequence #327 (57 bp)...done!
Finding genes in sequence #328 (57 bp)...done!
Finding genes in sequence #329 (57 bp)...done!
Finding genes in sequence #330 (57 bp)...done!
Finding genes in sequence #331 (56 bp)...done!
Finding genes in sequence #332 (56 bp)...done!
Finding genes in sequence #333 (56 bp)...done!
Finding genes in sequence #334 (56 bp)...done!
Finding genes in sequence #335 (56 bp)...done!
Finding genes in sequence #336 (56 bp)...done!
Finding genes in sequence #337 (56 bp)...done!
Finding genes in sequence #338 (56 bp)...done!
Finding genes in sequence #339 (56 bp)...done!
Prodigal completed!
Output files:
  Protein sequences: ../out/reconstruction/prodigal_orfs.faa
  DNA sequences: ../out/reconstruction/prodigal_orfs.fna
  Gene annotations: ../out/reconstruction/prodigal_orfs.gff
Number of ORFs predicted: 303
